Archive member included to satisfy reference by file (symbol)

c:/st/stm32cubeide_1.1.0/stm32cubeide/plugins/com.st.stm32cube.ide.mcu.externaltools.gnu-tools-for-stm32.7-2018-q2-update.win32_1.0.0.201904181610/tools/bin/../lib/gcc/arm-none-eabi/7.3.1/../../../../arm-none-eabi/lib/thumb/v7e-m/fpv4-sp/hard\libc_nano.a(lib_a-errno.o)
                              Src/syscalls.o (__errno)
c:/st/stm32cubeide_1.1.0/stm32cubeide/plugins/com.st.stm32cube.ide.mcu.externaltools.gnu-tools-for-stm32.7-2018-q2-update.win32_1.0.0.201904181610/tools/bin/../lib/gcc/arm-none-eabi/7.3.1/../../../../arm-none-eabi/lib/thumb/v7e-m/fpv4-sp/hard\libc_nano.a(lib_a-exit.o)
                              c:/st/stm32cubeide_1.1.0/stm32cubeide/plugins/com.st.stm32cube.ide.mcu.externaltools.gnu-tools-for-stm32.7-2018-q2-update.win32_1.0.0.201904181610/tools/bin/../lib/gcc/arm-none-eabi/7.3.1/../../../../arm-none-eabi/lib/thumb/v7e-m/fpv4-sp/hard/crt0.o (exit)
c:/st/stm32cubeide_1.1.0/stm32cubeide/plugins/com.st.stm32cube.ide.mcu.externaltools.gnu-tools-for-stm32.7-2018-q2-update.win32_1.0.0.201904181610/tools/bin/../lib/gcc/arm-none-eabi/7.3.1/../../../../arm-none-eabi/lib/thumb/v7e-m/fpv4-sp/hard\libc_nano.a(lib_a-impure.o)
                              c:/st/stm32cubeide_1.1.0/stm32cubeide/plugins/com.st.stm32cube.ide.mcu.externaltools.gnu-tools-for-stm32.7-2018-q2-update.win32_1.0.0.201904181610/tools/bin/../lib/gcc/arm-none-eabi/7.3.1/../../../../arm-none-eabi/lib/thumb/v7e-m/fpv4-sp/hard\libc_nano.a(lib_a-exit.o) (_global_impure_ptr)
c:/st/stm32cubeide_1.1.0/stm32cubeide/plugins/com.st.stm32cube.ide.mcu.externaltools.gnu-tools-for-stm32.7-2018-q2-update.win32_1.0.0.201904181610/tools/bin/../lib/gcc/arm-none-eabi/7.3.1/../../../../arm-none-eabi/lib/thumb/v7e-m/fpv4-sp/hard\libc_nano.a(lib_a-init.o)
                              c:/st/stm32cubeide_1.1.0/stm32cubeide/plugins/com.st.stm32cube.ide.mcu.externaltools.gnu-tools-for-stm32.7-2018-q2-update.win32_1.0.0.201904181610/tools/bin/../lib/gcc/arm-none-eabi/7.3.1/../../../../arm-none-eabi/lib/thumb/v7e-m/fpv4-sp/hard/crt0.o (__libc_init_array)
c:/st/stm32cubeide_1.1.0/stm32cubeide/plugins/com.st.stm32cube.ide.mcu.externaltools.gnu-tools-for-stm32.7-2018-q2-update.win32_1.0.0.201904181610/tools/bin/../lib/gcc/arm-none-eabi/7.3.1/../../../../arm-none-eabi/lib/thumb/v7e-m/fpv4-sp/hard\libc_nano.a(lib_a-memcmp.o)
                              Src/SEGGER/SEGGER_SYSVIEW_FreeRTOS.o (memcmp)
c:/st/stm32cubeide_1.1.0/stm32cubeide/plugins/com.st.stm32cube.ide.mcu.externaltools.gnu-tools-for-stm32.7-2018-q2-update.win32_1.0.0.201904181610/tools/bin/../lib/gcc/arm-none-eabi/7.3.1/../../../../arm-none-eabi/lib/thumb/v7e-m/fpv4-sp/hard\libc_nano.a(lib_a-memcpy-stub.o)
                              Src/FreeRTOS_Source/queue.o (memcpy)
c:/st/stm32cubeide_1.1.0/stm32cubeide/plugins/com.st.stm32cube.ide.mcu.externaltools.gnu-tools-for-stm32.7-2018-q2-update.win32_1.0.0.201904181610/tools/bin/../lib/gcc/arm-none-eabi/7.3.1/../../../../arm-none-eabi/lib/thumb/v7e-m/fpv4-sp/hard\libc_nano.a(lib_a-memset.o)
                              c:/st/stm32cubeide_1.1.0/stm32cubeide/plugins/com.st.stm32cube.ide.mcu.externaltools.gnu-tools-for-stm32.7-2018-q2-update.win32_1.0.0.201904181610/tools/bin/../lib/gcc/arm-none-eabi/7.3.1/../../../../arm-none-eabi/lib/thumb/v7e-m/fpv4-sp/hard/crt0.o (memset)
c:/st/stm32cubeide_1.1.0/stm32cubeide/plugins/com.st.stm32cube.ide.mcu.externaltools.gnu-tools-for-stm32.7-2018-q2-update.win32_1.0.0.201904181610/tools/bin/../lib/gcc/arm-none-eabi/7.3.1/../../../../arm-none-eabi/lib/thumb/v7e-m/fpv4-sp/hard\libc_nano.a(lib_a-strlen.o)
                              Src/SEGGER/SEGGER_RTT.o (strlen)
c:/st/stm32cubeide_1.1.0/stm32cubeide/plugins/com.st.stm32cube.ide.mcu.externaltools.gnu-tools-for-stm32.7-2018-q2-update.win32_1.0.0.201904181610/tools/bin/../lib/gcc/arm-none-eabi/7.3.1/../../../../arm-none-eabi/lib/thumb/v7e-m/fpv4-sp/hard\libc_nano.a(lib_a-vsnprintf.o)
                              Src/SEGGER/SEGGER_RTT_Syscalls_SES.o (vsnprintf)
c:/st/stm32cubeide_1.1.0/stm32cubeide/plugins/com.st.stm32cube.ide.mcu.externaltools.gnu-tools-for-stm32.7-2018-q2-update.win32_1.0.0.201904181610/tools/bin/../lib/gcc/arm-none-eabi/7.3.1/../../../../arm-none-eabi/lib/thumb/v7e-m/fpv4-sp/hard\libc_nano.a(lib_a-nano-svfprintf.o)
                              c:/st/stm32cubeide_1.1.0/stm32cubeide/plugins/com.st.stm32cube.ide.mcu.externaltools.gnu-tools-for-stm32.7-2018-q2-update.win32_1.0.0.201904181610/tools/bin/../lib/gcc/arm-none-eabi/7.3.1/../../../../arm-none-eabi/lib/thumb/v7e-m/fpv4-sp/hard\libc_nano.a(lib_a-vsnprintf.o) (_svfprintf_r)
c:/st/stm32cubeide_1.1.0/stm32cubeide/plugins/com.st.stm32cube.ide.mcu.externaltools.gnu-tools-for-stm32.7-2018-q2-update.win32_1.0.0.201904181610/tools/bin/../lib/gcc/arm-none-eabi/7.3.1/../../../../arm-none-eabi/lib/thumb/v7e-m/fpv4-sp/hard\libc_nano.a(lib_a-nano-vfprintf_i.o)
[...]
Memory Configuration

Name             Origin             Length             Attributes
CCMRAM           0x0000000010000000 0x0000000000010000 xrw
RAM              0x0000000020000000 0x0000000000020000 xrw
FLASH            0x0000000008000000 0x0000000000100000 xr
*default*        0x0000000000000000 0xffffffffffffffff

Linker script and memory map

LOAD c:/st/stm32cubeide_1.1.0/stm32cubeide/plugins/com.st.stm32cube.ide.mcu.externaltools.gnu-tools-for-stm32.7-2018-q2-update.win32_1.0.0.201904181610/tools/bin/../lib/gcc/arm-none-eabi/7.3.1/thumb/v7e-m/fpv4-sp/hard/crti.o
LOAD c:/st/stm32cubeide_1.1.0/stm32cubeide/plugins/com.st.stm32cube.ide.mcu.externaltools.gnu-tools-for-stm32.7-2018-q2-update.win32_1.0.0.201904181610/tools/bin/../lib/gcc/arm-none-eabi/7.3.1/thumb/v7e-m/fpv4-sp/hard/crtbegin.o
LOAD c:/st/stm32cubeide_1.1.0/stm32cubeide/plugins/com.st.stm32cube.ide.mcu.externaltools.gnu-tools-for-stm32.7-2018-q2-update.win32_1.0.0.201904181610/tools/bin/../lib/gcc/arm-none-eabi/7.3.1/../../../../arm-none-eabi/lib/thumb/v7e-m/fpv4-sp/hard/crt0.o
LOAD Drivers/STM32F4xx_HAL_Driver/Src/stm32f4xx_hal.o
LOAD Drivers/STM32F4xx_HAL_Driver/Src/stm32f4xx_hal_cortex.o
LOAD Drivers/STM32F4xx_HAL_Driver/Src/stm32f4xx_hal_dma.o
LOAD Drivers/STM32F4xx_HAL_Driver/Src/stm32f4xx_hal_dma_ex.o
LOAD Drivers/STM32F4xx_HAL_Driver/Src/stm32f4xx_hal_exti.o
LOAD Drivers/STM32F4xx_HAL_Driver/Src/stm32f4xx_hal_flash.o
LOAD Drivers/STM32F4xx_HAL_Driver/Src/stm32f4xx_hal_flash_ex.o
LOAD Drivers/STM32F4xx_HAL_Driver/Src/stm32f4xx_hal_flash_ramfunc.o
LOAD Drivers/STM32F4xx_HAL_Driver/Src/stm32f4xx_hal_gpio.o
LOAD Drivers/STM32F4xx_HAL_Driver/Src/stm32f4xx_hal_pwr.o
LOAD Drivers/STM32F4xx_HAL_Driver/Src/stm32f4xx_hal_pwr_ex.o
LOAD Drivers/STM32F4xx_HAL_Driver/Src/stm32f4xx_hal_rcc.o
LOAD Drivers/STM32F4xx_HAL_Driver/Src/stm32f4xx_hal_rcc_ex.o
LOAD Drivers/STM32F4xx_HAL_Driver/Src/stm32f4xx_hal_tim.o
LOAD Drivers/STM32F4xx_HAL_Driver/Src/stm32f4xx_hal_tim_ex.o
LOAD Src/FreeRTOS_Source/croutine.o
LOAD Src/FreeRTOS_Source/event_groups.o
LOAD Src/FreeRTOS_Source/list.o
LOAD Src/FreeRTOS_Source/queue.o
LOAD Src/FreeRTOS_Source/stream_buffer.o
LOAD Src/FreeRTOS_Source/tasks.o
LOAD Src/FreeRTOS_Source/timers.o
LOAD Src/FreeRTOS_Source/portable/GCC/ARM_CM4F/port.o
LOAD Src/FreeRTOS_Source/portable/MemMang/heap_4.o
LOAD Src/MS/MS_FREERTOS.o
LOAD Src/SEGGER/SEGGER_HardFaultHandler.o
LOAD Src/SEGGER/SEGGER_RTT.o
LOAD Src/SEGGER/SEGGER_RTT_Syscalls_SES.o
LOAD Src/SEGGER/SEGGER_SYSVIEW.o
LOAD Src/SEGGER/SEGGER_SYSVIEW_Config_FreeRTOS.o
LOAD Src/SEGGER/SEGGER_SYSVIEW_FreeRTOS.o
LOAD Src/main.o
LOAD Src/stm32f4xx_hal_msp.o
LOAD Src/stm32f4xx_it.o
LOAD Src/syscalls.o
LOAD Src/sysmem.o
LOAD Src/system_stm32f4xx.o
LOAD Startup/startup_stm32f407vgtx.o
START GROUP
LOAD c:/st/stm32cubeide_1.1.0/stm32cubeide/plugins/com.st.stm32cube.ide.mcu.externaltools.gnu-tools-for-stm32.7-2018-q2-update.win32_1.0.0.201904181610/tools/bin/../lib/gcc/arm-none-eabi/7.3.1/../../../../arm-none-eabi/lib/thumb/v7e-m/fpv4-sp/hard\libc_nano.a
LOAD c:/st/stm32cubeide_1.1.0/stm32cubeide/plugins/com.st.stm32cube.ide.mcu.externaltools.gnu-tools-for-stm32.7-2018-q2-update.win32_1.0.0.201904181610/tools/bin/../lib/gcc/arm-none-eabi/7.3.1/../../../../arm-none-eabi/lib/thumb/v7e-m/fpv4-sp/hard\libm.a
END GROUP
START GROUP
LOAD c:/st/stm32cubeide_1.1.0/stm32cubeide/plugins/com.st.stm32cube.ide.mcu.externaltools.gnu-tools-for-stm32.7-2018-q2-update.win32_1.0.0.201904181610/tools/bin/../lib/gcc/arm-none-eabi/7.3.1/thumb/v7e-m/fpv4-sp/hard\libgcc.a
LOAD c:/st/stm32cubeide_1.1.0/stm32cubeide/plugins/com.st.stm32cube.ide.mcu.externaltools.gnu-tools-for-stm32.7-2018-q2-update.win32_1.0.0.201904181610/tools/bin/../lib/gcc/arm-none-eabi/7.3.1/../../../../arm-none-eabi/lib/thumb/v7e-m/fpv4-sp/hard\libc_nano.a
END GROUP
START GROUP
LOAD c:/st/stm32cubeide_1.1.0/stm32cubeide/plugins/com.st.stm32cube.ide.mcu.externaltools.gnu-tools-for-stm32.7-2018-q2-update.win32_1.0.0.201904181610/tools/bin/../lib/gcc/arm-none-eabi/7.3.1/thumb/v7e-m/fpv4-sp/hard\libgcc.a
LOAD c:/st/stm32cubeide_1.1.0/stm32cubeide/plugins/com.st.stm32cube.ide.mcu.externaltools.gnu-tools-for-stm32.7-2018-q2-update.win32_1.0.0.201904181610/tools/bin/../lib/gcc/arm-none-eabi/7.3.1/../../../../arm-none-eabi/lib/thumb/v7e-m/fpv4-sp/hard\libc_nano.a
LOAD c:/st/stm32cubeide_1.1.0/stm32cubeide/plugins/com.st.stm32cube.ide.mcu.externaltools.gnu-tools-for-stm32.7-2018-q2-update.win32_1.0.0.201904181610/tools/bin/../lib/gcc/arm-none-eabi/7.3.1/../../../../arm-none-eabi/lib/thumb/v7e-m/fpv4-sp/hard\libnosys.a
END GROUP
START GROUP
LOAD c:/st/stm32cubeide_1.1.0/stm32cubeide/plugins/com.st.stm32cube.ide.mcu.externaltools.gnu-tools-for-stm32.7-2018-q2-update.win32_1.0.0.201904181610/tools/bin/../lib/gcc/arm-none-eabi/7.3.1/thumb/v7e-m/fpv4-sp/hard\libgcc.a
LOAD c:/st/stm32cubeide_1.1.0/stm32cubeide/plugins/com.st.stm32cube.ide.mcu.externaltools.gnu-tools-for-stm32.7-2018-q2-update.win32_1.0.0.201904181610/tools/bin/../lib/gcc/arm-none-eabi/7.3.1/../../../../arm-none-eabi/lib/thumb/v7e-m/fpv4-sp/hard\libc_nano.a
LOAD c:/st/stm32cubeide_1.1.0/stm32cubeide/plugins/com.st.stm32cube.ide.mcu.externaltools.gnu-tools-for-stm32.7-2018-q2-update.win32_1.0.0.201904181610/tools/bin/../lib/gcc/arm-none-eabi/7.3.1/../../../../arm-none-eabi/lib/thumb/v7e-m/fpv4-sp/hard\libnosys.a
END GROUP
LOAD c:/st/stm32cubeide_1.1.0/stm32cubeide/plugins/com.st.stm32cube.ide.mcu.externaltools.gnu-tools-for-stm32.7-2018-q2-update.win32_1.0.0.201904181610/tools/bin/../lib/gcc/arm-none-eabi/7.3.1/thumb/v7e-m/fpv4-sp/hard/crtend.o
LOAD c:/st/stm32cubeide_1.1.0/stm32cubeide/plugins/com.st.stm32cube.ide.mcu.externaltools.gnu-tools-for-stm32.7-2018-q2-update.win32_1.0.0.201904181610/tools/bin/../lib/gcc/arm-none-eabi/7.3.1/thumb/v7e-m/fpv4-sp/hard/crtn.o
                0x0000000020020000                _estack = 0x20020000
                0x0000000000000200                _Min_Heap_Size = 0x200
                0x0000000000000400                _Min_Stack_Size = 0x400

.isr_vector     0x0000000008000000      0x188
                0x0000000008000000                . = ALIGN (0x4)
 *(.isr_vector)
 .isr_vector    0x0000000008000000      0x188 Startup/startup_stm32f407vgtx.o
                0x0000000008000000                g_pfnVectors
                0x0000000008000188                . = ALIGN (0x4)

.text           0x0000000008000190     0x3b08
                0x0000000008000190                . = ALIGN (0x4)
 *(.text)
 .text          0x0000000008000190       0x40 c:/st/stm32cubeide_1.1.0/stm32cubeide/plugins/com.st.stm32cube.ide.mcu.externaltools.gnu-tools-for-stm32.7-2018-q2-update.win32_1.0.0.201904181610/tools/bin/../lib/gcc/arm-none-eabi/7.3.1/thumb/v7e-m/fpv4-sp/hard/crtbegin.o
 .text          0x00000000080001d0       0x30 c:/st/stm32cubeide_1.1.0/stm32cubeide/plugins/com.st.stm32cube.ide.mcu.externaltools.gnu-tools-for-stm32.7-2018-q2-update.win32_1.0.0.201904181610/tools/bin/../lib/gcc/arm-none-eabi/7.3.1/thumb/v7e-m/fpv4-sp/hard\libgcc.a(_aeabi_uldivmod.o)
                0x00000000080001d0                __aeabi_uldivmod
 .text          0x0000000008000200      0x2cc c:/st/stm32cubeide_1.1.0/stm32cubeide/plugins/com.st.stm32cube.ide.mcu.externaltools.gnu-tools-for-stm32.7-2018-q2-update.win32_1.0.0.201904181610/tools/bin/../lib/gcc/arm-none-eabi/7.3.1/thumb/v7e-m/fpv4-sp/hard\libgcc.a(_udivmoddi4.o)
                0x0000000008000200                __udivmoddi4
 .text          0x00000000080004cc        0x4 c:/st/stm32cubeide_1.1.0/stm32cubeide/plugins/com.st.stm32cube.ide.mcu.externaltools.gnu-tools-for-stm32.7-2018-q2-update.win32_1.0.0.201904181610/tools/bin/../lib/gcc/arm-none-eabi/7.3.1/thumb/v7e-m/fpv4-sp/hard\libgcc.a(_dvmd_tls.o)
                0x00000000080004cc                __aeabi_idiv0
                0x00000000080004cc                __aeabi_ldiv0
 *(.text*)
 .text.HAL_InitTick
                0x00000000080004d0       0x60 Drivers/STM32F4xx_HAL_Driver/Src/stm32f4xx_hal.o
                0x00000000080004d0                HAL_InitTick
 .text.HAL_GetTick
                0x0000000008000530       0x18 Drivers/STM32F4xx_HAL_Driver/Src/stm32f4xx_hal.o
                0x0000000008000530                HAL_GetTick
 .text.__NVIC_GetPriorityGrouping
                0x0000000008000548       0x1c Drivers/STM32F4xx_HAL_Driver/Src/stm32f4xx_hal_cortex.o
 .text.__NVIC_SetPriority
                0x0000000008000564       0x54 Drivers/STM32F4xx_HAL_Driver/Src/stm32f4xx_hal_cortex.o
 .text.NVIC_EncodePriority
                0x00000000080005b8       0x66 Drivers/STM32F4xx_HAL_Driver/Src/stm32f4xx_hal_cortex.o
 *fill*         0x000000000800061e        0x2 
 .text.SysTick_Config
                0x0000000008000620       0x44 Drivers/STM32F4xx_HAL_Driver/Src/stm32f4xx_hal_cortex.o
 .text.HAL_NVIC_SetPriority
                0x0000000008000664       0x38 Drivers/STM32F4xx_HAL_Driver/Src/stm32f4xx_hal_cortex.o
                0x0000000008000664                HAL_NVIC_SetPriority
 .text.HAL_SYSTICK_Config
                0x000000000800069c       0x18 Drivers/STM32F4xx_HAL_Driver/Src/stm32f4xx_hal_cortex.o
                0x000000000800069c                HAL_SYSTICK_Config
 .text.HAL_RCC_OscConfig
                0x00000000080006b4      0x484 Drivers/STM32F4xx_HAL_Driver/Src/stm32f4xx_hal_rcc.o
                0x00000000080006b4                HAL_RCC_OscConfig
 .text.HAL_RCC_ClockConfig
                0x0000000008000b38      0x1c4 Drivers/STM32F4xx_HAL_Driver/Src/stm32f4xx_hal_rcc.o
                0x0000000008000b38                HAL_RCC_ClockConfig
 .text.HAL_RCC_GetSysClockFreq
                0x0000000008000cfc      0x164 Drivers/STM32F4xx_HAL_Driver/Src/stm32f4xx_hal_rcc.o
                0x0000000008000cfc                HAL_RCC_GetSysClockFreq
 .text.vListInitialise
                0x0000000008000e60       0x40 Src/FreeRTOS_Source/list.o
                0x0000000008000e60                vListInitialise
 .text.vListInitialiseItem
                0x0000000008000ea0       0x1a Src/FreeRTOS_Source/list.o
                0x0000000008000ea0                vListInitialiseItem
 .text.vListInsertEnd
                0x0000000008000eba       0x48 Src/FreeRTOS_Source/list.o
                0x0000000008000eba                vListInsertEnd
 .text.uxListRemove
                0x0000000008000f02       0x54 Src/FreeRTOS_Source/list.o
                0x0000000008000f02                uxListRemove
 .text.xTaskCreate
                0x0000000008000f56       0x82 Src/FreeRTOS_Source/tasks.o
                0x0000000008000f56                xTaskCreate
 .text.prvInitialiseNewTask
                0x0000000008000fd8      0x10c Src/FreeRTOS_Source/tasks.o
 .text.prvAddNewTaskToReadyList
                0x00000000080010e4      0x110 Src/FreeRTOS_Source/tasks.o
 .text.vTaskStartScheduler
                0x00000000080011f4       0xac Src/FreeRTOS_Source/tasks.o
                0x00000000080011f4                vTaskStartScheduler
 .text.vTaskSuspendAll
                0x00000000080012a0       0x1c Src/FreeRTOS_Source/tasks.o
                0x00000000080012a0                vTaskSuspendAll
 .text.xTaskResumeAll
                0x00000000080012bc      0x140 Src/FreeRTOS_Source/tasks.o
                0x00000000080012bc                xTaskResumeAll
 .text.xTaskGetTickCountFromISR
                0x00000000080013fc       0x24 Src/FreeRTOS_Source/tasks.o
                0x00000000080013fc                xTaskGetTickCountFromISR
 .text.xTaskIncrementTick
                0x0000000008001420       0x98 Src/FreeRTOS_Source/tasks.o
                0x0000000008001420                xTaskIncrementTick
 .text.vTaskSwitchContext
                0x00000000080014b8       0x88 Src/FreeRTOS_Source/tasks.o
                0x00000000080014b8                vTaskSwitchContext
 .text.prvIdleTask
                0x0000000008001540       0x30 Src/FreeRTOS_Source/tasks.o
 .text.prvInitialiseTaskLists
                0x0000000008001570       0x80 Src/FreeRTOS_Source/tasks.o
 .text.prvCheckTasksWaitingTermination
                0x00000000080015f0       0x58 Src/FreeRTOS_Source/tasks.o
 .text.prvDeleteTCB
                0x0000000008001648       0x20 Src/FreeRTOS_Source/tasks.o
 .text.prvResetNextTaskUnblockTime
                0x0000000008001668       0x40 Src/FreeRTOS_Source/tasks.o
 .text.MsFreeRTOS_CreateTask
                0x00000000080016a8      0x118 Src/FreeRTOS_Source/tasks.o
                0x00000000080016a8                MsFreeRTOS_CreateTask
 .text.Ms_FindShortestDeadline
                0x00000000080017c0       0x88 Src/FreeRTOS_Source/tasks.o
                0x00000000080017c0                Ms_FindShortestDeadline
 .text.Ms_EndJob_Exec
                0x0000000008001848       0x84 Src/FreeRTOS_Source/tasks.o
                0x0000000008001848                Ms_EndJob_Exec
 .text.Ms_EnableTask
                0x00000000080018cc       0xc4 Src/FreeRTOS_Source/tasks.o
                0x00000000080018cc                Ms_EnableTask
 .text.Ms_UpdateDealine
                0x0000000008001990       0x78 Src/FreeRTOS_Source/tasks.o
                0x0000000008001990                Ms_UpdateDealine
 .text.pxPortInitialiseStack
                0x0000000008001a08       0x68 Src/FreeRTOS_Source/portable/GCC/ARM_CM4F/port.o
                0x0000000008001a08                pxPortInitialiseStack
 .text.prvTaskExitError
                0x0000000008001a70       0x54 Src/FreeRTOS_Source/portable/GCC/ARM_CM4F/port.o
 *fill*         0x0000000008001ac4        0xc 
 .text.SVC_Handler
                0x0000000008001ad0       0x28 Src/FreeRTOS_Source/portable/GCC/ARM_CM4F/port.o
                0x0000000008001ad0                SVC_Handler
 .text.prvPortStartFirstTask
                0x0000000008001af8       0x28 Src/FreeRTOS_Source/portable/GCC/ARM_CM4F/port.o
 .text.xPortStartScheduler
                0x0000000008001b20      0x15c Src/FreeRTOS_Source/portable/GCC/ARM_CM4F/port.o
                0x0000000008001b20                xPortStartScheduler
 .text.vPortEnterCritical
                0x0000000008001c7c       0x5c Src/FreeRTOS_Source/portable/GCC/ARM_CM4F/port.o
                0x0000000008001c7c                vPortEnterCritical
 .text.vPortExitCritical
                0x0000000008001cd8       0x50 Src/FreeRTOS_Source/portable/GCC/ARM_CM4F/port.o
                0x0000000008001cd8                vPortExitCritical
 *fill*         0x0000000008001d28        0x8 
 .text.PendSV_Handler
                0x0000000008001d30       0x68 Src/FreeRTOS_Source/portable/GCC/ARM_CM4F/port.o
                0x0000000008001d30                PendSV_Handler
 .text.SysTick_Handler
                0x0000000008001d98       0x40 Src/FreeRTOS_Source/portable/GCC/ARM_CM4F/port.o
                0x0000000008001d98                SysTick_Handler
 .text.vPortSetupTimerInterrupt
                0x0000000008001dd8       0x38 Src/FreeRTOS_Source/portable/GCC/ARM_CM4F/port.o
                0x0000000008001dd8                vPortSetupTimerInterrupt
 .text.vPortEnableVFP
                0x0000000008001e10       0x14 Src/FreeRTOS_Source/portable/GCC/ARM_CM4F/port.o
 .text.vPortValidateInterruptPriority
                0x0000000008001e24       0x7c Src/FreeRTOS_Source/portable/GCC/ARM_CM4F/port.o
                0x0000000008001e24                vPortValidateInterruptPriority
 .text.pvPortMalloc
                0x0000000008001ea0      0x184 Src/FreeRTOS_Source/portable/MemMang/heap_4.o
                0x0000000008001ea0                pvPortMalloc
 .text.vPortFree
                0x0000000008002024       0xb0 Src/FreeRTOS_Source/portable/MemMang/heap_4.o
                0x0000000008002024                vPortFree
 .text.prvHeapInit
                0x00000000080020d4       0xc4 Src/FreeRTOS_Source/portable/MemMang/heap_4.o
 .text.prvInsertBlockIntoFreeList
                0x0000000008002198       0xb4 Src/FreeRTOS_Source/portable/MemMang/heap_4.o
 .text._DoInit  0x000000000800224c       0xa4 Src/SEGGER/SEGGER_RTT.o
 .text.SEGGER_RTT_ReadNoLock
                0x00000000080022f0      0x104 Src/SEGGER/SEGGER_RTT.o
                0x00000000080022f0                SEGGER_RTT_ReadNoLock
 .text.SEGGER_RTT_WriteSkipNoLock
                0x00000000080023f4      0x120 Src/SEGGER/SEGGER_RTT.o
                0x00000000080023f4                SEGGER_RTT_WriteSkipNoLock
 .text.SEGGER_RTT_ConfigUpBuffer
                0x0000000008002514       0xd4 Src/SEGGER/SEGGER_RTT.o
                0x0000000008002514                SEGGER_RTT_ConfigUpBuffer
 .text.SEGGER_RTT_ConfigDownBuffer
                0x00000000080025e8       0xd4 Src/SEGGER/SEGGER_RTT.o
                0x00000000080025e8                SEGGER_RTT_ConfigDownBuffer
 .text._EncodeStr
                0x00000000080026bc       0x9a Src/SEGGER/SEGGER_SYSVIEW.o
 .text._PreparePacket
                0x0000000008002756       0x18 Src/SEGGER/SEGGER_SYSVIEW.o
 .text._HandleIncomingPacket
                0x000000000800276e       0xb8 Src/SEGGER/SEGGER_SYSVIEW.o
 *fill*         0x0000000008002826        0x2 
 .text._TrySendOverflowPacket
                0x0000000008002828       0xe0 Src/SEGGER/SEGGER_SYSVIEW.o
 .text._SendPacket
                0x0000000008002908      0x1a8 Src/SEGGER/SEGGER_SYSVIEW.o
 .text.SEGGER_SYSVIEW_Init
                0x0000000008002ab0       0x7c Src/SEGGER/SEGGER_SYSVIEW.o
                0x0000000008002ab0                SEGGER_SYSVIEW_Init
 .text.SEGGER_SYSVIEW_SetRAMBase
                0x0000000008002b2c       0x20 Src/SEGGER/SEGGER_SYSVIEW.o
                0x0000000008002b2c                SEGGER_SYSVIEW_SetRAMBase
 .text.SEGGER_SYSVIEW_RecordVoid
                0x0000000008002b4c       0x3c Src/SEGGER/SEGGER_SYSVIEW.o
                0x0000000008002b4c                SEGGER_SYSVIEW_RecordVoid
 .text.SEGGER_SYSVIEW_RecordU32
                0x0000000008002b88       0x78 Src/SEGGER/SEGGER_SYSVIEW.o
                0x0000000008002b88                SEGGER_SYSVIEW_RecordU32
 .text.SEGGER_SYSVIEW_RecordU32x2
                0x0000000008002c00       0xb4 Src/SEGGER/SEGGER_SYSVIEW.o
                0x0000000008002c00                SEGGER_SYSVIEW_RecordU32x2
 .text.SEGGER_SYSVIEW_Start
                0x0000000008002cb4      0x178 Src/SEGGER/SEGGER_SYSVIEW.o
                0x0000000008002cb4                SEGGER_SYSVIEW_Start
 .text.SEGGER_SYSVIEW_Stop
                0x0000000008002e2c       0x4c Src/SEGGER/SEGGER_SYSVIEW.o
                0x0000000008002e2c                SEGGER_SYSVIEW_Stop
 .text.SEGGER_SYSVIEW_GetSysDesc
                0x0000000008002e78      0x134 Src/SEGGER/SEGGER_SYSVIEW.o
                0x0000000008002e78                SEGGER_SYSVIEW_GetSysDesc
 .text.SEGGER_SYSVIEW_SendTaskInfo
                0x0000000008002fac      0x1cc Src/SEGGER/SEGGER_SYSVIEW.o
                0x0000000008002fac                SEGGER_SYSVIEW_SendTaskInfo
 .text.SEGGER_SYSVIEW_SendTaskList
                0x0000000008003178       0x28 Src/SEGGER/SEGGER_SYSVIEW.o
                0x0000000008003178                SEGGER_SYSVIEW_SendTaskList
 .text.SEGGER_SYSVIEW_SendSysDesc
                0x00000000080031a0       0x48 Src/SEGGER/SEGGER_SYSVIEW.o
                0x00000000080031a0                SEGGER_SYSVIEW_SendSysDesc
 .text.SEGGER_SYSVIEW_RecordSystime
                0x00000000080031e8       0x60 Src/SEGGER/SEGGER_SYSVIEW.o
                0x00000000080031e8                SEGGER_SYSVIEW_RecordSystime
 .text.SEGGER_SYSVIEW_OnIdle
                0x0000000008003248       0x38 Src/SEGGER/SEGGER_SYSVIEW.o
                0x0000000008003248                SEGGER_SYSVIEW_OnIdle
 .text.SEGGER_SYSVIEW_OnTaskCreate
                0x0000000008003280       0x88 Src/SEGGER/SEGGER_SYSVIEW.o
                0x0000000008003280                SEGGER_SYSVIEW_OnTaskCreate
 .text.SEGGER_SYSVIEW_OnTaskStartExec
                0x0000000008003308       0x88 Src/SEGGER/SEGGER_SYSVIEW.o
                0x0000000008003308                SEGGER_SYSVIEW_OnTaskStartExec
 .text.SEGGER_SYSVIEW_OnTaskStartReady
                0x0000000008003390       0x88 Src/SEGGER/SEGGER_SYSVIEW.o
                0x0000000008003390                SEGGER_SYSVIEW_OnTaskStartReady
 .text.SEGGER_SYSVIEW_SendModule
                0x0000000008003418      0x100 Src/SEGGER/SEGGER_SYSVIEW.o
                0x0000000008003418                SEGGER_SYSVIEW_SendModule
 .text.SEGGER_SYSVIEW_SendModuleDescription
                0x0000000008003518       0x3c Src/SEGGER/SEGGER_SYSVIEW.o
                0x0000000008003518                SEGGER_SYSVIEW_SendModuleDescription
 .text.SEGGER_SYSVIEW_SendNumModules
                0x0000000008003554       0x7c Src/SEGGER/SEGGER_SYSVIEW.o
                0x0000000008003554                SEGGER_SYSVIEW_SendNumModules
 .text.SEGGER_SYSVIEW_Warn
                0x00000000080035d0       0xb8 Src/SEGGER/SEGGER_SYSVIEW.o
                0x00000000080035d0                SEGGER_SYSVIEW_Warn
 .text._cbSendSystemDesc
                0x0000000008003688       0x1c Src/SEGGER/SEGGER_SYSVIEW_Config_FreeRTOS.o
 .text.SEGGER_SYSVIEW_Conf
                0x00000000080036a4       0x28 Src/SEGGER/SEGGER_SYSVIEW_Config_FreeRTOS.o
                0x00000000080036a4                SEGGER_SYSVIEW_Conf
 .text._cbSendTaskList
                0x00000000080036cc       0x90 Src/SEGGER/SEGGER_SYSVIEW_FreeRTOS.o
 .text._cbGetTime
                0x000000000800375c       0x76 Src/SEGGER/SEGGER_SYSVIEW_FreeRTOS.o
 *fill*         0x00000000080037d2        0x2 
 .text.SYSVIEW_AddTask
                0x00000000080037d4       0xd0 Src/SEGGER/SEGGER_SYSVIEW_FreeRTOS.o
                0x00000000080037d4                SYSVIEW_AddTask
 .text.SYSVIEW_SendTaskInfo
                0x00000000080038a4       0x42 Src/SEGGER/SEGGER_SYSVIEW_FreeRTOS.o
                0x00000000080038a4                SYSVIEW_SendTaskInfo
 *fill*         0x00000000080038e6        0x2 
 .text.TimingDelay
                0x00000000080038e8       0x74 Src/main.o
                0x00000000080038e8                TimingDelay
 .text.MyTask_Func1
                0x000000000800395c       0x14 Src/main.o
                0x000000000800395c                MyTask_Func1
 .text.MyTask_Func2
                0x0000000008003970       0x14 Src/main.o
                0x0000000008003970                MyTask_Func2
 .text.MyTask_Func3
                0x0000000008003984       0x14 Src/main.o
                0x0000000008003984                MyTask_Func3
 .text.main     0x0000000008003998       0x9c Src/main.o
                0x0000000008003998                main
 .text.SystemClock_Config
                0x0000000008003a34       0xbc Src/main.o
                0x0000000008003a34                SystemClock_Config
 .text.Error_Handler
                0x0000000008003af0        0xe Src/main.o
                0x0000000008003af0                Error_Handler
 .text.NMI_Handler
                0x0000000008003afe        0xe Src/stm32f4xx_it.o
                0x0000000008003afe                NMI_Handler
 .text.HardFault_Handler
                0x0000000008003b0c        0x6 Src/stm32f4xx_it.o
                0x0000000008003b0c                HardFault_Handler
 .text.MemManage_Handler
                0x0000000008003b12        0x6 Src/stm32f4xx_it.o
                0x0000000008003b12                MemManage_Handler
 .text.BusFault_Handler
                0x0000000008003b18        0x6 Src/stm32f4xx_it.o
                0x0000000008003b18                BusFault_Handler
 .text.UsageFault_Handler
                0x0000000008003b1e        0x6 Src/stm32f4xx_it.o
                0x0000000008003b1e                UsageFault_Handler
 .text.DebugMon_Handler
                0x0000000008003b24        0xe Src/stm32f4xx_it.o
                0x0000000008003b24                DebugMon_Handler
 *fill*         0x0000000008003b32        0x2 
 .text.SystemInit
                0x0000000008003b34       0x6c Src/system_stm32f4xx.o
                0x0000000008003b34                SystemInit
 .text.Reset_Handler
                0x0000000008003ba0       0x50 Startup/startup_stm32f407vgtx.o
                0x0000000008003ba0                Reset_Handler
 .text.Default_Handler
                0x0000000008003bf0        0x2 Startup/startup_stm32f407vgtx.o
                0x0000000008003bf0                RTC_Alarm_IRQHandler
                0x0000000008003bf0                HASH_RNG_IRQHandler
                0x0000000008003bf0                EXTI2_IRQHandler
                0x0000000008003bf0                TIM8_CC_IRQHandler
                0x0000000008003bf0                TIM1_CC_IRQHandler
                0x0000000008003bf0                DMA2_Stream5_IRQHandler
                0x0000000008003bf0                DMA1_Stream5_IRQHandler
                0x0000000008003bf0                PVD_IRQHandler
                0x0000000008003bf0                SDIO_IRQHandler
                0x0000000008003bf0                TAMP_STAMP_IRQHandler
                0x0000000008003bf0                CAN2_RX1_IRQHandler
                0x0000000008003bf0                EXTI3_IRQHandler
                0x0000000008003bf0                TIM8_TRG_COM_TIM14_IRQHandler
                0x0000000008003bf0                TIM1_UP_TIM10_IRQHandler
                0x0000000008003bf0                TIM8_UP_TIM13_IRQHandler
                0x0000000008003bf0                I2C3_ER_IRQHandler
                0x0000000008003bf0                EXTI0_IRQHandler
                0x0000000008003bf0                I2C2_EV_IRQHandler
                0x0000000008003bf0                DMA1_Stream2_IRQHandler
                0x0000000008003bf0                CAN1_RX0_IRQHandler
                0x0000000008003bf0                FPU_IRQHandler
                0x0000000008003bf0                OTG_HS_WKUP_IRQHandler
                0x0000000008003bf0                CAN2_SCE_IRQHandler
                0x0000000008003bf0                DMA2_Stream2_IRQHandler
                0x0000000008003bf0                SPI1_IRQHandler
                0x0000000008003bf0                TIM6_DAC_IRQHandler
                0x0000000008003bf0                TIM1_BRK_TIM9_IRQHandler
                0x0000000008003bf0                DCMI_IRQHandler
                0x0000000008003bf0                CAN2_RX0_IRQHandler
                0x0000000008003bf0                DMA2_Stream3_IRQHandler
                0x0000000008003bf0                USART6_IRQHandler
                0x0000000008003bf0                USART3_IRQHandler
                0x0000000008003bf0                CAN1_RX1_IRQHandler
                0x0000000008003bf0                UART5_IRQHandler
                0x0000000008003bf0                DMA2_Stream0_IRQHandler
                0x0000000008003bf0                TIM4_IRQHandler
                0x0000000008003bf0                I2C1_EV_IRQHandler
                0x0000000008003bf0                DMA1_Stream6_IRQHandler
                0x0000000008003bf0                DMA1_Stream1_IRQHandler
                0x0000000008003bf0                UART4_IRQHandler
                0x0000000008003bf0                TIM3_IRQHandler
                0x0000000008003bf0                RCC_IRQHandler
                0x0000000008003bf0                TIM8_BRK_TIM12_IRQHandler
                0x0000000008003bf0                Default_Handler
                0x0000000008003bf0                EXTI15_10_IRQHandler
                0x0000000008003bf0                ADC_IRQHandler
                0x0000000008003bf0                DMA1_Stream7_IRQHandler
                0x0000000008003bf0                TIM7_IRQHandler
                0x0000000008003bf0                CAN2_TX_IRQHandler
                0x0000000008003bf0                TIM5_IRQHandler
                0x0000000008003bf0                DMA2_Stream7_IRQHandler
                0x0000000008003bf0                I2C3_EV_IRQHandler
                0x0000000008003bf0                EXTI9_5_IRQHandler
                0x0000000008003bf0                RTC_WKUP_IRQHandler
                0x0000000008003bf0                ETH_WKUP_IRQHandler
                0x0000000008003bf0                SPI2_IRQHandler
                0x0000000008003bf0                OTG_HS_EP1_IN_IRQHandler
                0x0000000008003bf0                DMA1_Stream0_IRQHandler
                0x0000000008003bf0                CAN1_TX_IRQHandler
                0x0000000008003bf0                EXTI4_IRQHandler
                0x0000000008003bf0                FSMC_IRQHandler
                0x0000000008003bf0                ETH_IRQHandler
                0x0000000008003bf0                OTG_HS_EP1_OUT_IRQHandler
                0x0000000008003bf0                WWDG_IRQHandler
                0x0000000008003bf0                TIM2_IRQHandler
                0x0000000008003bf0                OTG_FS_WKUP_IRQHandler
                0x0000000008003bf0                TIM1_TRG_COM_TIM11_IRQHandler
                0x0000000008003bf0                OTG_HS_IRQHandler
                0x0000000008003bf0                EXTI1_IRQHandler
                0x0000000008003bf0                USART2_IRQHandler
                0x0000000008003bf0                I2C2_ER_IRQHandler
                0x0000000008003bf0                DMA2_Stream1_IRQHandler
                0x0000000008003bf0                CAN1_SCE_IRQHandler
                0x0000000008003bf0                FLASH_IRQHandler
                0x0000000008003bf0                DMA2_Stream4_IRQHandler
                0x0000000008003bf0                USART1_IRQHandler
                0x0000000008003bf0                OTG_FS_IRQHandler
                0x0000000008003bf0                SPI3_IRQHandler
                0x0000000008003bf0                DMA1_Stream4_IRQHandler
                0x0000000008003bf0                I2C1_ER_IRQHandler
                0x0000000008003bf0                DMA2_Stream6_IRQHandler
                0x0000000008003bf0                DMA1_Stream3_IRQHandler
 *fill*         0x0000000008003bf2        0x2 
 .text.__libc_init_array
                0x0000000008003bf4       0x48 c:/st/stm32cubeide_1.1.0/stm32cubeide/plugins/com.st.stm32cube.ide.mcu.externaltools.gnu-tools-for-stm32.7-2018-q2-update.win32_1.0.0.201904181610/tools/bin/../lib/gcc/arm-none-eabi/7.3.1/../../../../arm-none-eabi/lib/thumb/v7e-m/fpv4-sp/hard\libc_nano.a(lib_a-init.o)
                0x0000000008003bf4                __libc_init_array
 .text.memcmp   0x0000000008003c3c       0x1e c:/st/stm32cubeide_1.1.0/stm32cubeide/plugins/com.st.stm32cube.ide.mcu.externaltools.gnu-tools-for-stm32.7-2018-q2-update.win32_1.0.0.201904181610/tools/bin/../lib/gcc/arm-none-eabi/7.3.1/../../../../arm-none-eabi/lib/thumb/v7e-m/fpv4-sp/hard\libc_nano.a(lib_a-memcmp.o)
                0x0000000008003c3c                memcmp
 .text.memcpy   0x0000000008003c5a       0x16 c:/st/stm32cubeide_1.1.0/stm32cubeide/plugins/com.st.stm32cube.ide.mcu.externaltools.gnu-tools-for-stm32.7-2018-q2-update.win32_1.0.0.201904181610/tools/bin/../lib/gcc/arm-none-eabi/7.3.1/../../../../arm-none-eabi/lib/thumb/v7e-m/fpv4-sp/hard\libc_nano.a(lib_a-memcpy-stub.o)
                0x0000000008003c5a                memcpy
 .text.memset   0x0000000008003c70       0x10 c:/st/stm32cubeide_1.1.0/stm32cubeide/plugins/com.st.stm32cube.ide.mcu.externaltools.gnu-tools-for-stm32.7-2018-q2-update.win32_1.0.0.201904181610/tools/bin/../lib/gcc/arm-none-eabi/7.3.1/../../../../arm-none-eabi/lib/thumb/v7e-m/fpv4-sp/hard\libc_nano.a(lib_a-memset.o)
                0x0000000008003c70                memset
 *(.glue_7)
 .glue_7        0x0000000008003c80        0x0 linker stubs
 *(.glue_7t)
 .glue_7t       0x0000000008003c80        0x0 linker stubs
 *(.eh_frame)
 .eh_frame      0x0000000008003c80        0x0 c:/st/stm32cubeide_1.1.0/stm32cubeide/plugins/com.st.stm32cube.ide.mcu.externaltools.gnu-tools-for-stm32.7-2018-q2-update.win32_1.0.0.201904181610/tools/bin/../lib/gcc/arm-none-eabi/7.3.1/thumb/v7e-m/fpv4-sp/hard/crtbegin.o
 *(.init)
 .init          0x0000000008003c80        0x4 c:/st/stm32cubeide_1.1.0/stm32cubeide/plugins/com.st.stm32cube.ide.mcu.externaltools.gnu-tools-for-stm32.7-2018-q2-update.win32_1.0.0.201904181610/tools/bin/../lib/gcc/arm-none-eabi/7.3.1/thumb/v7e-m/fpv4-sp/hard/crti.o
                0x0000000008003c80                _init
 .init          0x0000000008003c84        0x8 c:/st/stm32cubeide_1.1.0/stm32cubeide/plugins/com.st.stm32cube.ide.mcu.externaltools.gnu-tools-for-stm32.7-2018-q2-update.win32_1.0.0.201904181610/tools/bin/../lib/gcc/arm-none-eabi/7.3.1/thumb/v7e-m/fpv4-sp/hard/crtn.o
 *(.fini)
 .fini          0x0000000008003c8c        0x4 c:/st/stm32cubeide_1.1.0/stm32cubeide/plugins/com.st.stm32cube.ide.mcu.externaltools.gnu-tools-for-stm32.7-2018-q2-update.win32_1.0.0.201904181610/tools/bin/../lib/gcc/arm-none-eabi/7.3.1/thumb/v7e-m/fpv4-sp/hard/crti.o
                0x0000000008003c8c                _fini
 .fini          0x0000000008003c90        0x8 c:/st/stm32cubeide_1.1.0/stm32cubeide/plugins/com.st.stm32cube.ide.mcu.externaltools.gnu-tools-for-stm32.7-2018-q2-update.win32_1.0.0.201904181610/tools/bin/../lib/gcc/arm-none-eabi/7.3.1/thumb/v7e-m/fpv4-sp/hard/crtn.o
                0x0000000008003c98                . = ALIGN (0x4)
                0x0000000008003c98                _etext = .

.vfp11_veneer   0x0000000008003c98        0x0
 .vfp11_veneer  0x0000000008003c98        0x0 linker stubs

.v4_bx          0x0000000008003c98        0x0
 .v4_bx         0x0000000008003c98        0x0 linker stubs

.iplt           0x0000000008003c98        0x0
 .iplt          0x0000000008003c98        0x0 c:/st/stm32cubeide_1.1.0/stm32cubeide/plugins/com.st.stm32cube.ide.mcu.externaltools.gnu-tools-for-stm32.7-2018-q2-update.win32_1.0.0.201904181610/tools/bin/../lib/gcc/arm-none-eabi/7.3.1/thumb/v7e-m/fpv4-sp/hard/crtbegin.o

.rodata         0x0000000008003c98      0x100
                0x0000000008003c98                . = ALIGN (0x4)
 *(.rodata)
 .rodata        0x0000000008003c98        0x5 Src/FreeRTOS_Source/tasks.o
 *fill*         0x0000000008003c9d        0x3 
 .rodata        0x0000000008003ca0       0x17 Src/SEGGER/SEGGER_RTT.o
 *fill*         0x0000000008003cb7        0x1 
 .rodata        0x0000000008003cb8        0x8 Src/SEGGER/SEGGER_SYSVIEW.o
 .rodata        0x0000000008003cc0       0x41 Src/SEGGER/SEGGER_SYSVIEW_Config_FreeRTOS.o
 *fill*         0x0000000008003d01        0x3 
 .rodata        0x0000000008003d04       0x58 Src/SEGGER/SEGGER_SYSVIEW_FreeRTOS.o
 .rodata        0x0000000008003d5c       0x17 Src/main.o
 *(.rodata*)
 *fill*         0x0000000008003d73        0x1 
 .rodata._abSync
                0x0000000008003d74        0xa Src/SEGGER/SEGGER_SYSVIEW.o
 *fill*         0x0000000008003d7e        0x2 
 .rodata.SYSVIEW_X_OS_TraceAPI
                0x0000000008003d80        0x8 Src/SEGGER/SEGGER_SYSVIEW_FreeRTOS.o
                0x0000000008003d80                SYSVIEW_X_OS_TraceAPI
 .rodata.AHBPrescTable
                0x0000000008003d88       0x10 Src/system_stm32f4xx.o
                0x0000000008003d88                AHBPrescTable
                0x0000000008003d98                . = ALIGN (0x4)

.ARM.extab      0x0000000008003d98        0x0
                0x0000000008003d98                . = ALIGN (0x4)
 *(.ARM.extab* .gnu.linkonce.armextab.*)
                0x0000000008003d98                . = ALIGN (0x4)

.ARM            0x0000000008003d98        0x8
                0x0000000008003d98                . = ALIGN (0x4)
                0x0000000008003d98                __exidx_start = .
 *(.ARM.exidx*)
 .ARM.exidx     0x0000000008003d98        0x8 c:/st/stm32cubeide_1.1.0/stm32cubeide/plugins/com.st.stm32cube.ide.mcu.externaltools.gnu-tools-for-stm32.7-2018-q2-update.win32_1.0.0.201904181610/tools/bin/../lib/gcc/arm-none-eabi/7.3.1/thumb/v7e-m/fpv4-sp/hard\libgcc.a(_udivmoddi4.o)
                0x0000000008003da0                __exidx_end = .
                0x0000000008003da0                . = ALIGN (0x4)

.rel.dyn        0x0000000008003da0        0x0
 .rel.iplt      0x0000000008003da0        0x0 c:/st/stm32cubeide_1.1.0/stm32cubeide/plugins/com.st.stm32cube.ide.mcu.externaltools.gnu-tools-for-stm32.7-2018-q2-update.win32_1.0.0.201904181610/tools/bin/../lib/gcc/arm-none-eabi/7.3.1/thumb/v7e-m/fpv4-sp/hard/crtbegin.o

.preinit_array  0x0000000008003da0        0x0
                0x0000000008003da0                . = ALIGN (0x4)
                0x0000000008003da0                PROVIDE (__preinit_array_start = .)
 *(.preinit_array*)
                0x0000000008003da0                PROVIDE (__preinit_array_end = .)
                0x0000000008003da0                . = ALIGN (0x4)

.init_array     0x0000000008003da0        0x4
                0x0000000008003da0                . = ALIGN (0x4)
                0x0000000008003da0                PROVIDE (__init_array_start = .)
 *(SORT_BY_NAME(.init_array.*))
 *(.init_array*)
 .init_array    0x0000000008003da0        0x4 c:/st/stm32cubeide_1.1.0/stm32cubeide/plugins/com.st.stm32cube.ide.mcu.externaltools.gnu-tools-for-stm32.7-2018-q2-update.win32_1.0.0.201904181610/tools/bin/../lib/gcc/arm-none-eabi/7.3.1/thumb/v7e-m/fpv4-sp/hard/crtbegin.o
                0x0000000008003da4                PROVIDE (__init_array_end = .)
                0x0000000008003da4                . = ALIGN (0x4)

.fini_array     0x0000000008003da4        0x4
                0x0000000008003da4                . = ALIGN (0x4)
                [!provide]                        PROVIDE (__fini_array_start = .)
 *(SORT_BY_NAME(.fini_array.*))
 *(.fini_array*)
 .fini_array    0x0000000008003da4        0x4 c:/st/stm32cubeide_1.1.0/stm32cubeide/plugins/com.st.stm32cube.ide.mcu.externaltools.gnu-tools-for-stm32.7-2018-q2-update.win32_1.0.0.201904181610/tools/bin/../lib/gcc/arm-none-eabi/7.3.1/thumb/v7e-m/fpv4-sp/hard/crtbegin.o
                [!provide]                        PROVIDE (__fini_array_end = .)
                0x0000000008003da8                . = ALIGN (0x4)
                0x0000000008003da8                _sidata = LOADADDR (.data)

.data           0x0000000020000000       0x10 load address 0x0000000008003da8
                0x0000000020000000                . = ALIGN (0x4)
                0x0000000020000000                _sdata = .
 *(.data)
 *(.data*)
 .data.uwTickPrio
                0x0000000020000000        0x4 Drivers/STM32F4xx_HAL_Driver/Src/stm32f4xx_hal.o
                0x0000000020000000                uwTickPrio
 .data.uwTickFreq
                0x0000000020000004        0x1 Drivers/STM32F4xx_HAL_Driver/Src/stm32f4xx_hal.o
                0x0000000020000004                uwTickFreq
 *fill*         0x0000000020000005        0x3 
 .data.uxCriticalNesting
                0x0000000020000008        0x4 Src/FreeRTOS_Source/portable/GCC/ARM_CM4F/port.o
 .data.SystemCoreClock
                0x000000002000000c        0x4 Src/system_stm32f4xx.o
                0x000000002000000c                SystemCoreClock
                0x0000000020000010                . = ALIGN (0x4)
                0x0000000020000010                _edata = .

.igot.plt       0x0000000020000010        0x0 load address 0x0000000008003db8
 .igot.plt      0x0000000020000010        0x0 c:/st/stm32cubeide_1.1.0/stm32cubeide/plugins/com.st.stm32cube.ide.mcu.externaltools.gnu-tools-for-stm32.7-2018-q2-update.win32_1.0.0.201904181610/tools/bin/../lib/gcc/arm-none-eabi/7.3.1/thumb/v7e-m/fpv4-sp/hard/crtbegin.o
                0x0000000020000010                . = ALIGN (0x4)

.bss            0x0000000020000010     0x5d2c load address 0x0000000008003db8
                0x0000000020000010                _sbss = .
                0x0000000020000010                __bss_start__ = _sbss
 *(.bss)
 .bss           0x0000000020000010       0x1c c:/st/stm32cubeide_1.1.0/stm32cubeide/plugins/com.st.stm32cube.ide.mcu.externaltools.gnu-tools-for-stm32.7-2018-q2-update.win32_1.0.0.201904181610/tools/bin/../lib/gcc/arm-none-eabi/7.3.1/thumb/v7e-m/fpv4-sp/hard/crtbegin.o
 *(.bss*)
 .bss.taskQnt   0x000000002000002c        0x1 Src/FreeRTOS_Source/tasks.o
                0x000000002000002c                taskQnt
 *fill*         0x000000002000002d        0x3 
 .bss.pxCurrentTCB
                0x0000000020000030        0x4 Src/FreeRTOS_Source/tasks.o
                0x0000000020000030                pxCurrentTCB
 .bss.pxReadyTasksLists
                0x0000000020000034       0x64 Src/FreeRTOS_Source/tasks.o
 .bss.xDelayedTaskList1
                0x0000000020000098       0x14 Src/FreeRTOS_Source/tasks.o
 .bss.xDelayedTaskList2
                0x00000000200000ac       0x14 Src/FreeRTOS_Source/tasks.o
 .bss.pxDelayedTaskList
                0x00000000200000c0        0x4 Src/FreeRTOS_Source/tasks.o
 .bss.pxOverflowDelayedTaskList
                0x00000000200000c4        0x4 Src/FreeRTOS_Source/tasks.o
 .bss.xPendingReadyList
                0x00000000200000c8       0x14 Src/FreeRTOS_Source/tasks.o
 .bss.xTasksWaitingTermination
                0x00000000200000dc       0x14 Src/FreeRTOS_Source/tasks.o
 .bss.uxDeletedTasksWaitingCleanUp
                0x00000000200000f0        0x4 Src/FreeRTOS_Source/tasks.o
 .bss.xSuspendedTaskList
                0x00000000200000f4       0x14 Src/FreeRTOS_Source/tasks.o
 .bss.uxCurrentNumberOfTasks
                0x0000000020000108        0x4 Src/FreeRTOS_Source/tasks.o
 .bss.xTickCount
                0x000000002000010c        0x4 Src/FreeRTOS_Source/tasks.o
 .bss.uxTopReadyPriority
                0x0000000020000110        0x4 Src/FreeRTOS_Source/tasks.o
 .bss.xSchedulerRunning
                0x0000000020000114        0x4 Src/FreeRTOS_Source/tasks.o
 .bss.uxPendedTicks
                0x0000000020000118        0x4 Src/FreeRTOS_Source/tasks.o
 .bss.xYieldPending
                0x000000002000011c        0x4 Src/FreeRTOS_Source/tasks.o
 .bss.uxTaskNumber
                0x0000000020000120        0x4 Src/FreeRTOS_Source/tasks.o
 .bss.xNextTaskUnblockTime
                0x0000000020000124        0x4 Src/FreeRTOS_Source/tasks.o
 .bss.xIdleTaskHandle
                0x0000000020000128        0x4 Src/FreeRTOS_Source/tasks.o
 .bss.uxSchedulerSuspended
                0x000000002000012c        0x4 Src/FreeRTOS_Source/tasks.o
 .bss.ucMaxSysCallPriority
                0x0000000020000130        0x1 Src/FreeRTOS_Source/portable/GCC/ARM_CM4F/port.o
 *fill*         0x0000000020000131        0x3 
 .bss.ulMaxPRIGROUPValue
                0x0000000020000134        0x4 Src/FreeRTOS_Source/portable/GCC/ARM_CM4F/port.o
 .bss.ucHeap    0x0000000020000138     0x5000 Src/FreeRTOS_Source/portable/MemMang/heap_4.o
 .bss.xStart    0x0000000020005138        0x8 Src/FreeRTOS_Source/portable/MemMang/heap_4.o
 .bss.pxEnd     0x0000000020005140        0x4 Src/FreeRTOS_Source/portable/MemMang/heap_4.o
 .bss.xFreeBytesRemaining
                0x0000000020005144        0x4 Src/FreeRTOS_Source/portable/MemMang/heap_4.o
 .bss.xMinimumEverFreeBytesRemaining
                0x0000000020005148        0x4 Src/FreeRTOS_Source/portable/MemMang/heap_4.o
 .bss.xBlockAllocatedBit
                0x000000002000514c        0x4 Src/FreeRTOS_Source/portable/MemMang/heap_4.o
 .bss._acUpBuffer
                0x0000000020005150      0x400 Src/SEGGER/SEGGER_RTT.o
 .bss._acDownBuffer
                0x0000000020005550       0x10 Src/SEGGER/SEGGER_RTT.o
 .bss._UpBuffer
                0x0000000020005560      0x400 Src/SEGGER/SEGGER_SYSVIEW.o
 .bss._DownBuffer
                0x0000000020005960        0x8 Src/SEGGER/SEGGER_SYSVIEW.o
 .bss._SYSVIEW_Globals
                0x0000000020005968       0x28 Src/SEGGER/SEGGER_SYSVIEW.o
 .bss._pFirstModule
                0x0000000020005990        0x4 Src/SEGGER/SEGGER_SYSVIEW.o
 .bss._NumModules
                0x0000000020005994        0x1 Src/SEGGER/SEGGER_SYSVIEW.o
 *fill*         0x0000000020005995        0x3 
 .bss._aPacket  0x0000000020005998       0xe3 Src/SEGGER/SEGGER_SYSVIEW.o
 *fill*         0x0000000020005a7b        0x1 
 .bss._aTasks   0x0000000020005a7c       0xa0 Src/SEGGER/SEGGER_SYSVIEW_FreeRTOS.o
 .bss._NumTasks
                0x0000000020005b1c        0x4 Src/SEGGER/SEGGER_SYSVIEW_FreeRTOS.o
 *(COMMON)
 COMMON         0x0000000020005b20        0x4 Drivers/STM32F4xx_HAL_Driver/Src/stm32f4xx_hal.o
                0x0000000020005b20                uwTick
 *fill*         0x0000000020005b24        0x4 
 COMMON         0x0000000020005b28      0x169 Src/FreeRTOS_Source/tasks.o
                0x0000000020005b28                Ms_delay
                0x0000000020005c68                MsArrayTCB
                0x0000000020005c90                Ms_currentTaskIndex
 *fill*         0x0000000020005c91        0x3 
 COMMON         0x0000000020005c94       0xa8 Src/SEGGER/SEGGER_RTT.o
                0x0000000020005c94                _SEGGER_RTT
                0x0000000020005d3c                . = ALIGN (0x4)
                0x0000000020005d3c                _ebss = .
                0x0000000020005d3c                __bss_end__ = _ebss

._user_heap_stack
                0x0000000020005d3c      0x604 load address 0x0000000008003db8
                0x0000000020005d40                . = ALIGN (0x8)
 *fill*         0x0000000020005d3c        0x4 
                0x0000000020005d40                PROVIDE (end = .)
                [!provide]                        PROVIDE (_end = .)
                0x0000000020005f40                . = (. + _Min_Heap_Size)
 *fill*         0x0000000020005d40      0x200 
                0x0000000020006340                . = (. + _Min_Stack_Size)
 *fill*         0x0000000020005f40      0x400 
                0x0000000020006340                . = ALIGN (0x8)

/DISCARD/
 libc.a(*)
 libm.a(*)
 libgcc.a(*)

.ARM.attributes
                0x0000000000000000       0x30
 *(.ARM.attributes)
 .ARM.attributes
                0x0000000000000000       0x22 c:/st/stm32cubeide_1.1.0/stm32cubeide/plugins/com.st.stm32cube.ide.mcu.externaltools.gnu-tools-for-stm32.7-2018-q2-update.win32_1.0.0.201904181610/tools/bin/../lib/gcc/arm-none-eabi/7.3.1/thumb/v7e-m/fpv4-sp/hard/crti.o
 .ARM.attributes
                0x0000000000000022       0x34 c:/st/stm32cubeide_1.1.0/stm32cubeide/plugins/com.st.stm32cube.ide.mcu.externaltools.gnu-tools-for-stm32.7-2018-q2-update.win32_1.0.0.201904181610/tools/bin/../lib/gcc/arm-none-eabi/7.3.1/thumb/v7e-m/fpv4-sp/hard/crtbegin.o
 .ARM.attributes
                0x0000000000000056       0x39 Drivers/STM32F4xx_HAL_Driver/Src/stm32f4xx_hal.o
 .ARM.attributes
                0x000000000000008f       0x39 Drivers/STM32F4xx_HAL_Driver/Src/stm32f4xx_hal_cortex.o
 .ARM.attributes
                0x00000000000000c8       0x39 Drivers/STM32F4xx_HAL_Driver/Src/stm32f4xx_hal_rcc.o
 .ARM.attributes
                0x0000000000000101       0x39 Src/FreeRTOS_Source/list.o
 .ARM.attributes
                0x000000000000013a       0x39 Src/FreeRTOS_Source/tasks.o
 .ARM.attributes
                0x0000000000000173       0x39 Src/FreeRTOS_Source/portable/GCC/ARM_CM4F/port.o
 .ARM.attributes
                0x00000000000001ac       0x39 Src/FreeRTOS_Source/portable/MemMang/heap_4.o
 .ARM.attributes
                0x00000000000001e5       0x39 Src/SEGGER/SEGGER_RTT.o
 .ARM.attributes
                0x000000000000021e       0x39 Src/SEGGER/SEGGER_SYSVIEW.o
 .ARM.attributes
                0x0000000000000257       0x39 Src/SEGGER/SEGGER_SYSVIEW_Config_FreeRTOS.o
 .ARM.attributes
                0x0000000000000290       0x39 Src/SEGGER/SEGGER_SYSVIEW_FreeRTOS.o
 .ARM.attributes
                0x00000000000002c9       0x39 Src/main.o
 .ARM.attributes
                0x0000000000000302       0x39 Src/stm32f4xx_it.o
 .ARM.attributes
                0x000000000000033b       0x39 Src/system_stm32f4xx.o
 .ARM.attributes
                0x0000000000000374       0x21 Startup/startup_stm32f407vgtx.o
 .ARM.attributes
                0x0000000000000395       0x34 c:/st/stm32cubeide_1.1.0/stm32cubeide/plugins/com.st.stm32cube.ide.mcu.externaltools.gnu-tools-for-stm32.7-2018-q2-update.win32_1.0.0.201904181610/tools/bin/../lib/gcc/arm-none-eabi/7.3.1/../../../../arm-none-eabi/lib/thumb/v7e-m/fpv4-sp/hard\libc_nano.a(lib_a-init.o)
 .ARM.attributes
                0x00000000000003c9       0x34 c:/st/stm32cubeide_1.1.0/stm32cubeide/plugins/com.st.stm32cube.ide.mcu.externaltools.gnu-tools-for-stm32.7-2018-q2-update.win32_1.0.0.201904181610/tools/bin/../lib/gcc/arm-none-eabi/7.3.1/../../../../arm-none-eabi/lib/thumb/v7e-m/fpv4-sp/hard\libc_nano.a(lib_a-memcmp.o)
 .ARM.attributes
                0x00000000000003fd       0x34 c:/st/stm32cubeide_1.1.0/stm32cubeide/plugins/com.st.stm32cube.ide.mcu.externaltools.gnu-tools-for-stm32.7-2018-q2-update.win32_1.0.0.201904181610/tools/bin/../lib/gcc/arm-none-eabi/7.3.1/../../../../arm-none-eabi/lib/thumb/v7e-m/fpv4-sp/hard\libc_nano.a(lib_a-memcpy-stub.o)
 .ARM.attributes
                0x0000000000000431       0x34 c:/st/stm32cubeide_1.1.0/stm32cubeide/plugins/com.st.stm32cube.ide.mcu.externaltools.gnu-tools-for-stm32.7-2018-q2-update.win32_1.0.0.201904181610/tools/bin/../lib/gcc/arm-none-eabi/7.3.1/../../../../arm-none-eabi/lib/thumb/v7e-m/fpv4-sp/hard\libc_nano.a(lib_a-memset.o)
 .ARM.attributes
                0x0000000000000465       0x22 c:/st/stm32cubeide_1.1.0/stm32cubeide/plugins/com.st.stm32cube.ide.mcu.externaltools.gnu-tools-for-stm32.7-2018-q2-update.win32_1.0.0.201904181610/tools/bin/../lib/gcc/arm-none-eabi/7.3.1/thumb/v7e-m/fpv4-sp/hard\libgcc.a(_aeabi_uldivmod.o)
 .ARM.attributes
                0x0000000000000487       0x34 c:/st/stm32cubeide_1.1.0/stm32cubeide/plugins/com.st.stm32cube.ide.mcu.externaltools.gnu-tools-for-stm32.7-2018-q2-update.win32_1.0.0.201904181610/tools/bin/../lib/gcc/arm-none-eabi/7.3.1/thumb/v7e-m/fpv4-sp/hard\libgcc.a(_udivmoddi4.o)
 .ARM.attributes
                0x00000000000004bb       0x22 c:/st/stm32cubeide_1.1.0/stm32cubeide/plugins/com.st.stm32cube.ide.mcu.externaltools.gnu-tools-for-stm32.7-2018-q2-update.win32_1.0.0.201904181610/tools/bin/../lib/gcc/arm-none-eabi/7.3.1/thumb/v7e-m/fpv4-sp/hard\libgcc.a(_dvmd_tls.o)
 .ARM.attributes
                0x00000000000004dd       0x22 c:/st/stm32cubeide_1.1.0/stm32cubeide/plugins/com.st.stm32cube.ide.mcu.externaltools.gnu-tools-for-stm32.7-2018-q2-update.win32_1.0.0.201904181610/tools/bin/../lib/gcc/arm-none-eabi/7.3.1/thumb/v7e-m/fpv4-sp/hard/crtn.o
OUTPUT(FreeRTOS.elf elf32-littlearm)

.debug_info     0x0000000000000000     0xd02a
 .debug_info    0x0000000000000000      0x921 Drivers/STM32F4xx_HAL_Driver/Src/stm32f4xx_hal.o
 .debug_info    0x0000000000000921      0xdd6 Drivers/STM32F4xx_HAL_Driver/Src/stm32f4xx_hal_cortex.o
 .debug_info    0x00000000000016f7      0x8a4 Drivers/STM32F4xx_HAL_Driver/Src/stm32f4xx_hal_rcc.o
 .debug_info    0x0000000000001f9b      0xb4d Src/FreeRTOS_Source/list.o
 .debug_info    0x0000000000002ae8     0x25b1 Src/FreeRTOS_Source/tasks.o
 .debug_info    0x0000000000005099      0x624 Src/FreeRTOS_Source/portable/GCC/ARM_CM4F/port.o
 .debug_info    0x00000000000056bd      0xcb9 Src/FreeRTOS_Source/portable/MemMang/heap_4.o
 .debug_info    0x0000000000006376     0x16a9 Src/SEGGER/SEGGER_RTT.o
 .debug_info    0x0000000000007a1f     0x3ada Src/SEGGER/SEGGER_SYSVIEW.o
 .debug_info    0x000000000000b4f9      0x191 Src/SEGGER/SEGGER_SYSVIEW_Config_FreeRTOS.o
 .debug_info    0x000000000000b68a      0xc61 Src/SEGGER/SEGGER_SYSVIEW_FreeRTOS.o
 .debug_info    0x000000000000c2eb      0x69b Src/main.o
 .debug_info    0x000000000000c986      0x180 Src/stm32f4xx_it.o
 .debug_info    0x000000000000cb06      0x502 Src/system_stm32f4xx.o
 .debug_info    0x000000000000d008       0x22 Startup/startup_stm32f407vgtx.o

.debug_abbrev   0x0000000000000000     0x1d46
 .debug_abbrev  0x0000000000000000      0x1cb Drivers/STM32F4xx_HAL_Driver/Src/stm32f4xx_hal.o
 .debug_abbrev  0x00000000000001cb      0x2fa Drivers/STM32F4xx_HAL_Driver/Src/stm32f4xx_hal_cortex.o
 .debug_abbrev  0x00000000000004c5      0x245 Drivers/STM32F4xx_HAL_Driver/Src/stm32f4xx_hal_rcc.o
 .debug_abbrev  0x000000000000070a      0x1cf Src/FreeRTOS_Source/list.o
 .debug_abbrev  0x00000000000008d9      0x359 Src/FreeRTOS_Source/tasks.o
 .debug_abbrev  0x0000000000000c32      0x254 Src/FreeRTOS_Source/portable/GCC/ARM_CM4F/port.o
 .debug_abbrev  0x0000000000000e86      0x2aa Src/FreeRTOS_Source/portable/MemMang/heap_4.o
 .debug_abbrev  0x0000000000001130      0x2a0 Src/SEGGER/SEGGER_RTT.o
 .debug_abbrev  0x00000000000013d0      0x300 Src/SEGGER/SEGGER_SYSVIEW.o
 .debug_abbrev  0x00000000000016d0       0xdf Src/SEGGER/SEGGER_SYSVIEW_Config_FreeRTOS.o
 .debug_abbrev  0x00000000000017af      0x1f9 Src/SEGGER/SEGGER_SYSVIEW_FreeRTOS.o
 .debug_abbrev  0x00000000000019a8      0x1e7 Src/main.o
 .debug_abbrev  0x0000000000001b8f       0x94 Src/stm32f4xx_it.o
 .debug_abbrev  0x0000000000001c23      0x111 Src/system_stm32f4xx.o
 .debug_abbrev  0x0000000000001d34       0x12 Startup/startup_stm32f407vgtx.o

.debug_aranges  0x0000000000000000      0xa50
 .debug_aranges
                0x0000000000000000       0xf0 Drivers/STM32F4xx_HAL_Driver/Src/stm32f4xx_hal.o
 .debug_aranges
                0x00000000000000f0      0x118 Drivers/STM32F4xx_HAL_Driver/Src/stm32f4xx_hal_cortex.o
 .debug_aranges
                0x0000000000000208       0x88 Drivers/STM32F4xx_HAL_Driver/Src/stm32f4xx_hal_rcc.o
 .debug_aranges
                0x0000000000000290       0x40 Src/FreeRTOS_Source/list.o
 .debug_aranges
                0x00000000000002d0      0x1d8 Src/FreeRTOS_Source/tasks.o
 .debug_aranges
                0x00000000000004a8       0x80 Src/FreeRTOS_Source/portable/GCC/ARM_CM4F/port.o
 .debug_aranges
                0x0000000000000528       0x50 Src/FreeRTOS_Source/portable/MemMang/heap_4.o
 .debug_aranges
                0x0000000000000578      0x110 Src/SEGGER/SEGGER_RTT.o
 .debug_aranges
                0x0000000000000688      0x268 Src/SEGGER/SEGGER_SYSVIEW.o
 .debug_aranges
                0x00000000000008f0       0x28 Src/SEGGER/SEGGER_SYSVIEW_Config_FreeRTOS.o
 .debug_aranges
                0x0000000000000918       0x48 Src/SEGGER/SEGGER_SYSVIEW_FreeRTOS.o
 .debug_aranges
                0x0000000000000960       0x58 Src/main.o
 .debug_aranges
                0x00000000000009b8       0x48 Src/stm32f4xx_it.o
 .debug_aranges
                0x0000000000000a00       0x28 Src/system_stm32f4xx.o
 .debug_aranges
                0x0000000000000a28       0x28 Startup/startup_stm32f407vgtx.o

.debug_ranges   0x0000000000000000      0x968
 .debug_ranges  0x0000000000000000       0xe0 Drivers/STM32F4xx_HAL_Driver/Src/stm32f4xx_hal.o
 .debug_ranges  0x00000000000000e0      0x108 Drivers/STM32F4xx_HAL_Driver/Src/stm32f4xx_hal_cortex.o
 .debug_ranges  0x00000000000001e8       0x78 Drivers/STM32F4xx_HAL_Driver/Src/stm32f4xx_hal_rcc.o
 .debug_ranges  0x0000000000000260       0x30 Src/FreeRTOS_Source/list.o
 .debug_ranges  0x0000000000000290      0x1c8 Src/FreeRTOS_Source/tasks.o
 .debug_ranges  0x0000000000000458       0x70 Src/FreeRTOS_Source/portable/GCC/ARM_CM4F/port.o
 .debug_ranges  0x00000000000004c8       0x40 Src/FreeRTOS_Source/portable/MemMang/heap_4.o
 .debug_ranges  0x0000000000000508      0x100 Src/SEGGER/SEGGER_RTT.o
 .debug_ranges  0x0000000000000608      0x258 Src/SEGGER/SEGGER_SYSVIEW.o
 .debug_ranges  0x0000000000000860       0x18 Src/SEGGER/SEGGER_SYSVIEW_Config_FreeRTOS.o
 .debug_ranges  0x0000000000000878       0x38 Src/SEGGER/SEGGER_SYSVIEW_FreeRTOS.o
 .debug_ranges  0x00000000000008b0       0x48 Src/main.o
 .debug_ranges  0x00000000000008f8       0x38 Src/stm32f4xx_it.o
 .debug_ranges  0x0000000000000930       0x18 Src/system_stm32f4xx.o
 .debug_ranges  0x0000000000000948       0x20 Startup/startup_stm32f407vgtx.o

.debug_macro    0x0000000000000000    0x20561
 .debug_macro   0x0000000000000000      0x210 Drivers/STM32F4xx_HAL_Driver/Src/stm32f4xx_hal.o
 .debug_macro   0x0000000000000210      0xa5a Drivers/STM32F4xx_HAL_Driver/Src/stm32f4xx_hal.o
 .debug_macro   0x0000000000000c6a      0x17e Drivers/STM32F4xx_HAL_Driver/Src/stm32f4xx_hal.o
 .debug_macro   0x0000000000000de8       0x32 Drivers/STM32F4xx_HAL_Driver/Src/stm32f4xx_hal.o
 .debug_macro   0x0000000000000e1a       0x2f Drivers/STM32F4xx_HAL_Driver/Src/stm32f4xx_hal.o
 .debug_macro   0x0000000000000e49       0x22 Drivers/STM32F4xx_HAL_Driver/Src/stm32f4xx_hal.o
 .debug_macro   0x0000000000000e6b       0x8e Drivers/STM32F4xx_HAL_Driver/Src/stm32f4xx_hal.o
 .debug_macro   0x0000000000000ef9       0x51 Drivers/STM32F4xx_HAL_Driver/Src/stm32f4xx_hal.o
 .debug_macro   0x0000000000000f4a       0xef Drivers/STM32F4xx_HAL_Driver/Src/stm32f4xx_hal.o
 .debug_macro   0x0000000000001039       0x6a Drivers/STM32F4xx_HAL_Driver/Src/stm32f4xx_hal.o
 .debug_macro   0x00000000000010a3      0x1df Drivers/STM32F4xx_HAL_Driver/Src/stm32f4xx_hal.o
 .debug_macro   0x0000000000001282       0x1c Drivers/STM32F4xx_HAL_Driver/Src/stm32f4xx_hal.o
 .debug_macro   0x000000000000129e       0x22 Drivers/STM32F4xx_HAL_Driver/Src/stm32f4xx_hal.o
 .debug_macro   0x00000000000012c0       0xdf Drivers/STM32F4xx_HAL_Driver/Src/stm32f4xx_hal.o
 .debug_macro   0x000000000000139f     0x102d Drivers/STM32F4xx_HAL_Driver/Src/stm32f4xx_hal.o
 .debug_macro   0x00000000000023cc      0x11f Drivers/STM32F4xx_HAL_Driver/Src/stm32f4xx_hal.o
 .debug_macro   0x00000000000024eb    0x15e43 Drivers/STM32F4xx_HAL_Driver/Src/stm32f4xx_hal.o
 .debug_macro   0x000000000001832e       0x43 Drivers/STM32F4xx_HAL_Driver/Src/stm32f4xx_hal.o
 .debug_macro   0x0000000000018371     0x35d4 Drivers/STM32F4xx_HAL_Driver/Src/stm32f4xx_hal.o
 .debug_macro   0x000000000001b945      0x174 Drivers/STM32F4xx_HAL_Driver/Src/stm32f4xx_hal.o
 .debug_macro   0x000000000001bab9       0x5a Drivers/STM32F4xx_HAL_Driver/Src/stm32f4xx_hal.o
 .debug_macro   0x000000000001bb13      0x96b Drivers/STM32F4xx_HAL_Driver/Src/stm32f4xx_hal.o
 .debug_macro   0x000000000001c47e      0x9fe Drivers/STM32F4xx_HAL_Driver/Src/stm32f4xx_hal.o
 .debug_macro   0x000000000001ce7c       0xed Drivers/STM32F4xx_HAL_Driver/Src/stm32f4xx_hal.o
 .debug_macro   0x000000000001cf69      0x117 Drivers/STM32F4xx_HAL_Driver/Src/stm32f4xx_hal.o
 .debug_macro   0x000000000001d080      0x13e Drivers/STM32F4xx_HAL_Driver/Src/stm32f4xx_hal.o
 .debug_macro   0x000000000001d1be       0x27 Drivers/STM32F4xx_HAL_Driver/Src/stm32f4xx_hal.o
 .debug_macro   0x000000000001d1e5      0x287 Drivers/STM32F4xx_HAL_Driver/Src/stm32f4xx_hal.o
 .debug_macro   0x000000000001d46c       0x5f Drivers/STM32F4xx_HAL_Driver/Src/stm32f4xx_hal.o
 .debug_macro   0x000000000001d4cb      0x236 Drivers/STM32F4xx_HAL_Driver/Src/stm32f4xx_hal.o
 .debug_macro   0x000000000001d701      0x12c Drivers/STM32F4xx_HAL_Driver/Src/stm32f4xx_hal.o
 .debug_macro   0x000000000001d82d      0x21e Drivers/STM32F4xx_HAL_Driver/Src/stm32f4xx_hal.o
 .debug_macro   0x000000000001da4b       0x2e Drivers/STM32F4xx_HAL_Driver/Src/stm32f4xx_hal.o
 .debug_macro   0x000000000001da79      0x11a Drivers/STM32F4xx_HAL_Driver/Src/stm32f4xx_hal.o
 .debug_macro   0x000000000001db93       0x7e Drivers/STM32F4xx_HAL_Driver/Src/stm32f4xx_hal.o
 .debug_macro   0x000000000001dc11       0x89 Drivers/STM32F4xx_HAL_Driver/Src/stm32f4xx_hal.o
 .debug_macro   0x000000000001dc9a      0x12d Drivers/STM32F4xx_HAL_Driver/Src/stm32f4xx_hal.o
 .debug_macro   0x000000000001ddc7      0x1b0 Drivers/STM32F4xx_HAL_Driver/Src/stm32f4xx_hal_cortex.o
 .debug_macro   0x000000000001df77      0x1d4 Drivers/STM32F4xx_HAL_Driver/Src/stm32f4xx_hal_rcc.o
 .debug_macro   0x000000000001e14b      0x30f Src/FreeRTOS_Source/list.o
 .debug_macro   0x000000000001e45a      0x411 Src/FreeRTOS_Source/tasks.o
 .debug_macro   0x000000000001e86b       0x10 Src/FreeRTOS_Source/tasks.o
 .debug_macro   0x000000000001e87b       0x1c Src/FreeRTOS_Source/tasks.o
 .debug_macro   0x000000000001e897      0x32b Src/FreeRTOS_Source/portable/GCC/ARM_CM4F/port.o
 .debug_macro   0x000000000001ebc2      0x336 Src/FreeRTOS_Source/portable/MemMang/heap_4.o
 .debug_macro   0x000000000001eef8      0x169 Src/SEGGER/SEGGER_RTT.o
 .debug_macro   0x000000000001f061       0x4f Src/SEGGER/SEGGER_RTT.o
 .debug_macro   0x000000000001f0b0      0x115 Src/SEGGER/SEGGER_RTT.o
 .debug_macro   0x000000000001f1c5      0x1fd Src/SEGGER/SEGGER_SYSVIEW.o
 .debug_macro   0x000000000001f3c2       0x65 Src/SEGGER/SEGGER_SYSVIEW.o
 .debug_macro   0x000000000001f427       0x35 Src/SEGGER/SEGGER_SYSVIEW.o
 .debug_macro   0x000000000001f45c      0x11b Src/SEGGER/SEGGER_SYSVIEW.o
 .debug_macro   0x000000000001f577      0x26f Src/SEGGER/SEGGER_SYSVIEW_Config_FreeRTOS.o
 .debug_macro   0x000000000001f7e6      0x32e Src/SEGGER/SEGGER_SYSVIEW_FreeRTOS.o
 .debug_macro   0x000000000001fb14      0x32a Src/SEGGER/SEGGER_SYSVIEW_FreeRTOS.o
 .debug_macro   0x000000000001fe3e      0x296 Src/main.o
 .debug_macro   0x00000000000200d4      0x113 Src/main.o
 .debug_macro   0x00000000000201e7      0x1c4 Src/stm32f4xx_it.o
 .debug_macro   0x00000000000203ab      0x1b6 Src/system_stm32f4xx.o

.debug_line     0x0000000000000000     0x9aa6
 .debug_line    0x0000000000000000      0x875 Drivers/STM32F4xx_HAL_Driver/Src/stm32f4xx_hal.o
 .debug_line    0x0000000000000875      0x99c Drivers/STM32F4xx_HAL_Driver/Src/stm32f4xx_hal_cortex.o
 .debug_line    0x0000000000001211      0x8bc Drivers/STM32F4xx_HAL_Driver/Src/stm32f4xx_hal_rcc.o
 .debug_line    0x0000000000001acd      0x9f1 Src/FreeRTOS_Source/list.o
 .debug_line    0x00000000000024be     0x15ce Src/FreeRTOS_Source/tasks.o
 .debug_line    0x0000000000003a8c      0xa80 Src/FreeRTOS_Source/portable/GCC/ARM_CM4F/port.o
 .debug_line    0x000000000000450c      0xad7 Src/FreeRTOS_Source/portable/MemMang/heap_4.o
 .debug_line    0x0000000000004fe3      0x8df Src/SEGGER/SEGGER_RTT.o
 .debug_line    0x00000000000058c2     0x17b2 Src/SEGGER/SEGGER_SYSVIEW.o
 .debug_line    0x0000000000007074      0x866 Src/SEGGER/SEGGER_SYSVIEW_Config_FreeRTOS.o
 .debug_line    0x00000000000078da      0xa95 Src/SEGGER/SEGGER_SYSVIEW_FreeRTOS.o
 .debug_line    0x000000000000836f      0x949 Src/main.o
 .debug_line    0x0000000000008cb8      0x6de Src/stm32f4xx_it.o
 .debug_line    0x0000000000009396      0x68f Src/system_stm32f4xx.o
 .debug_line    0x0000000000009a25       0x81 Startup/startup_stm32f407vgtx.o

.debug_str      0x0000000000000000    0xc95c4
 .debug_str     0x0000000000000000    0xb9dda Drivers/STM32F4xx_HAL_Driver/Src/stm32f4xx_hal.o
                                      0xba160 (size before relaxing)
 .debug_str     0x00000000000b9dda      0x3e6 Drivers/STM32F4xx_HAL_Driver/Src/stm32f4xx_hal_cortex.o
                                      0xb9edb (size before relaxing)
 .debug_str     0x00000000000ba1c0      0x3ee Drivers/STM32F4xx_HAL_Driver/Src/stm32f4xx_hal_rcc.o
                                      0xb9a01 (size before relaxing)
 .debug_str     0x00000000000ba5ae     0x9e18 Src/FreeRTOS_Source/list.o
                                      0xc3325 (size before relaxing)
 .debug_str     0x00000000000c43c6     0x22b9 Src/FreeRTOS_Source/tasks.o
                                      0xc55de (size before relaxing)
 .debug_str     0x00000000000c667f      0x7ef Src/FreeRTOS_Source/portable/GCC/ARM_CM4F/port.o
                                      0xc1166 (size before relaxing)
 .debug_str     0x00000000000c6e6e      0x246 Src/FreeRTOS_Source/portable/MemMang/heap_4.o
                                      0xc3b56 (size before relaxing)
 .debug_str     0x00000000000c70b4      0xdc1 Src/SEGGER/SEGGER_RTT.o
                                       0x71a9 (size before relaxing)
 .debug_str     0x00000000000c7e75     0x1358 Src/SEGGER/SEGGER_SYSVIEW.o
                                       0x9149 (size before relaxing)
 .debug_str     0x00000000000c91cd      0x126 Src/SEGGER/SEGGER_SYSVIEW_Config_FreeRTOS.o
                                      0xbfb98 (size before relaxing)
 .debug_str     0x00000000000c92f3       0xd6 Src/SEGGER/SEGGER_SYSVIEW_FreeRTOS.o
                                      0xc39bb (size before relaxing)
 .debug_str     0x00000000000c93c9       0xe3 Src/main.o
                                      0xc0c44 (size before relaxing)
 .debug_str     0x00000000000c94ac       0x8d Src/stm32f4xx_it.o
                                      0xb94f6 (size before relaxing)
 .debug_str     0x00000000000c9539       0x5a Src/system_stm32f4xx.o
                                      0xb961a (size before relaxing)
 .debug_str     0x00000000000c9593       0x31 Startup/startup_stm32f407vgtx.o
                                         0x60 (size before relaxing)

.comment        0x0000000000000000       0x7b
 .comment       0x0000000000000000       0x7b Drivers/STM32F4xx_HAL_Driver/Src/stm32f4xx_hal.o
                                         0x7c (size before relaxing)
 .comment       0x000000000000007b       0x7c Drivers/STM32F4xx_HAL_Driver/Src/stm32f4xx_hal_cortex.o
 .comment       0x000000000000007b       0x7c Drivers/STM32F4xx_HAL_Driver/Src/stm32f4xx_hal_rcc.o
 .comment       0x000000000000007b       0x7c Src/FreeRTOS_Source/list.o
 .comment       0x000000000000007b       0x7c Src/FreeRTOS_Source/tasks.o
 .comment       0x000000000000007b       0x7c Src/FreeRTOS_Source/portable/GCC/ARM_CM4F/port.o
 .comment       0x000000000000007b       0x7c Src/FreeRTOS_Source/portable/MemMang/heap_4.o
 .comment       0x000000000000007b       0x7c Src/SEGGER/SEGGER_RTT.o
 .comment       0x000000000000007b       0x7c Src/SEGGER/SEGGER_SYSVIEW.o
 .comment       0x000000000000007b       0x7c Src/SEGGER/SEGGER_SYSVIEW_Config_FreeRTOS.o
 .comment       0x000000000000007b       0x7c Src/SEGGER/SEGGER_SYSVIEW_FreeRTOS.o
 .comment       0x000000000000007b       0x7c Src/main.o
 .comment       0x000000000000007b       0x7c Src/stm32f4xx_it.o
 .comment       0x000000000000007b       0x7c Src/system_stm32f4xx.o

.debug_frame    0x0000000000000000     0x29f0
 .debug_frame   0x0000000000000000      0x374 Drivers/STM32F4xx_HAL_Driver/Src/stm32f4xx_hal.o
 .debug_frame   0x0000000000000374      0x498 Drivers/STM32F4xx_HAL_Driver/Src/stm32f4xx_hal_cortex.o
 .debug_frame   0x000000000000080c      0x1f0 Drivers/STM32F4xx_HAL_Driver/Src/stm32f4xx_hal_rcc.o
 .debug_frame   0x00000000000009fc       0xd8 Src/FreeRTOS_Source/list.o
 .debug_frame   0x0000000000000ad4      0x828 Src/FreeRTOS_Source/tasks.o
 .debug_frame   0x00000000000012fc      0x1a8 Src/FreeRTOS_Source/portable/GCC/ARM_CM4F/port.o
 .debug_frame   0x00000000000014a4      0x108 Src/FreeRTOS_Source/portable/MemMang/heap_4.o
 .debug_frame   0x00000000000015ac      0x478 Src/SEGGER/SEGGER_RTT.o
 .debug_frame   0x0000000000001a24      0xb5c Src/SEGGER/SEGGER_SYSVIEW.o
 .debug_frame   0x0000000000002580       0x48 Src/SEGGER/SEGGER_SYSVIEW_Config_FreeRTOS.o
 .debug_frame   0x00000000000025c8      0x100 Src/SEGGER/SEGGER_SYSVIEW_FreeRTOS.o
 .debug_frame   0x00000000000026c8      0x120 Src/main.o
 .debug_frame   0x00000000000027e8       0xb0 Src/stm32f4xx_it.o
 .debug_frame   0x0000000000002898       0x58 Src/system_stm32f4xx.o
 .debug_frame   0x00000000000028f0       0x2c c:/st/stm32cubeide_1.1.0/stm32cubeide/plugins/com.st.stm32cube.ide.mcu.externaltools.gnu-tools-for-stm32.7-2018-q2-update.win32_1.0.0.201904181610/tools/bin/../lib/gcc/arm-none-eabi/7.3.1/../../../../arm-none-eabi/lib/thumb/v7e-m/fpv4-sp/hard\libc_nano.a(lib_a-init.o)
 .debug_frame   0x000000000000291c       0x2c c:/st/stm32cubeide_1.1.0/stm32cubeide/plugins/com.st.stm32cube.ide.mcu.externaltools.gnu-tools-for-stm32.7-2018-q2-update.win32_1.0.0.201904181610/tools/bin/../lib/gcc/arm-none-eabi/7.3.1/../../../../arm-none-eabi/lib/thumb/v7e-m/fpv4-sp/hard\libc_nano.a(lib_a-memcmp.o)
 .debug_frame   0x0000000000002948       0x28 c:/st/stm32cubeide_1.1.0/stm32cubeide/plugins/com.st.stm32cube.ide.mcu.externaltools.gnu-tools-for-stm32.7-2018-q2-update.win32_1.0.0.201904181610/tools/bin/../lib/gcc/arm-none-eabi/7.3.1/../../../../arm-none-eabi/lib/thumb/v7e-m/fpv4-sp/hard\libc_nano.a(lib_a-memcpy-stub.o)
 .debug_frame   0x0000000000002970       0x20 c:/st/stm32cubeide_1.1.0/stm32cubeide/plugins/com.st.stm32cube.ide.mcu.externaltools.gnu-tools-for-stm32.7-2018-q2-update.win32_1.0.0.201904181610/tools/bin/../lib/gcc/arm-none-eabi/7.3.1/../../../../arm-none-eabi/lib/thumb/v7e-m/fpv4-sp/hard\libc_nano.a(lib_a-memset.o)
 .debug_frame   0x0000000000002990       0x2c c:/st/stm32cubeide_1.1.0/stm32cubeide/plugins/com.st.stm32cube.ide.mcu.externaltools.gnu-tools-for-stm32.7-2018-q2-update.win32_1.0.0.201904181610/tools/bin/../lib/gcc/arm-none-eabi/7.3.1/thumb/v7e-m/fpv4-sp/hard\libgcc.a(_aeabi_uldivmod.o)
 .debug_frame   0x00000000000029bc       0x34 c:/st/stm32cubeide_1.1.0/stm32cubeide/plugins/com.st.stm32cube.ide.mcu.externaltools.gnu-tools-for-stm32.7-2018-q2-update.win32_1.0.0.201904181610/tools/bin/../lib/gcc/arm-none-eabi/7.3.1/thumb/v7e-m/fpv4-sp/hard\libgcc.a(_udivmoddi4.o)
