tasks.c:766:16:xTaskCreate	56	static
tasks.c:857:17:prvInitialiseNewTask	40	static,ignoring_inline_asm
tasks.c:1108:17:prvAddNewTaskToReadyList	32	static,ignoring_inline_asm
tasks.c:1193:10:vTaskDelete	24	static,ignoring_inline_asm
tasks.c:1285:10:vTaskDelayUntil	48	static,ignoring_inline_asm
tasks.c:1369:10:vTaskDelay	24	static,ignoring_inline_asm
tasks.c:1506:17:uxTaskPriorityGet	24	static
tasks.c:1528:17:uxTaskPriorityGetFromISR	40	static,ignoring_inline_asm
tasks.c:1568:10:vTaskPrioritySet	48	static,ignoring_inline_asm
tasks.c:1732:10:vTaskSuspend	24	static,ignoring_inline_asm
tasks.c:1833:23:prvTaskIsTaskSuspended	32	static,ignoring_inline_asm
tasks.c:1879:10:vTaskResume	24	static,ignoring_inline_asm
tasks.c:1933:16:xTaskResumeFromISR	48	static,ignoring_inline_asm
tasks.c:2003:10:vTaskStartScheduler	32	static,ignoring_inline_asm
tasks.c:2125:10:vTaskEndScheduler	16	static,ignoring_inline_asm
tasks.c:2136:10:vTaskSuspendAll	4	static,ignoring_inline_asm
tasks.c:2210:16:xTaskResumeAll	24	static,ignoring_inline_asm
tasks.c:2320:16:xTaskGetTickCount	16	static
tasks.c:2335:16:xTaskGetTickCountFromISR	16	static
tasks.c:2366:17:uxTaskGetNumberOfTasks	4	static
tasks.c:2374:11:pcTaskGetName	24	static,ignoring_inline_asm
tasks.c:2595:18:xTaskGetIdleTaskHandle	16	static,ignoring_inline_asm
tasks.c:2701:16:xTaskIncrementTick	24	static
tasks.c:2843:10:vTaskSwitchContext	16	static
tasks.c:2930:10:vTaskPlaceOnEventList	24	static,ignoring_inline_asm
tasks.c:2947:10:vTaskPlaceOnUnorderedEventList	32	static,ignoring_inline_asm
tasks.c:3004:16:xTaskRemoveFromEventList	32	static,ignoring_inline_asm
tasks.c:3072:10:vTaskRemoveFromUnorderedEventList	32	static,ignoring_inline_asm
tasks.c:3106:10:vTaskSetTimeOutState	24	static,ignoring_inline_asm
tasks.c:3118:10:vTaskInternalSetTimeOutState	16	static
tasks.c:3126:16:xTaskCheckForTimeOut	40	static,ignoring_inline_asm
tasks.c:3189:10:vTaskMissedYield	4	static
tasks.c:3244:12:prvIdleTask	16	static,ignoring_inline_asm
tasks.c:3456:17:prvInitialiseTaskLists	16	static
tasks.c:3488:17:prvCheckTasksWaitingTermination	16	static
tasks.c:3736:17:prvDeleteTCB	16	static
tasks.c:3790:17:prvResetNextTaskUnblockTime	16	static
tasks.c:3816:18:xTaskGetCurrentTaskHandle	16	static
tasks.c:3861:16:xTaskPriorityInherit	24	static
tasks.c:3948:16:xTaskPriorityDisinherit	32	static,ignoring_inline_asm
tasks.c:4028:10:vTaskPriorityDisinheritAfterTimeout	40	static,ignoring_inline_asm
tasks.c:4443:16:uxTaskResetEventItemValue	16	static
tasks.c:4459:18:pvTaskIncrementMutexHeldCount	4	static
tasks.c:4476:14:ulTaskNotifyTake	24	static,ignoring_inline_asm
tasks.c:4544:16:xTaskNotifyWait	40	static,ignoring_inline_asm
tasks.c:4624:16:xTaskGenericNotify	56	static,ignoring_inline_asm
tasks.c:4738:16:xTaskGenericNotifyFromISR	72	static,ignoring_inline_asm
tasks.c:4867:10:vTaskNotifyGiveFromISR	48	static,ignoring_inline_asm
tasks.c:4954:16:xTaskNotifyStateClear	24	static
tasks.c:4991:17:prvAddCurrentTaskToDelayedList	24	static
tasks.c:5134:16:MsFreeRTOS_CreateTask	56	static
tasks.c:5223:13:Ms_FindShortestDeadline	16	static
tasks.c:5246:10:Ms_EndJob_Exec	4	static,ignoring_inline_asm
tasks.c:5257:13:Ms_EnableTask	16	static
tasks.c:5275:10:Ms_UpdateDealine	16	static
tasks.c:5290:10:Ms_InternalSched	24	static,ignoring_inline_asm
